Dir "SBin" {
	File "init" "__BIN__/SBin/init"
	File "login" "__BIN__/SBin/login"
}
Dir "Bin" {
	File "CLIShell" "__BIN__/Bin/CLIShell"
	File "ls" "__BIN__/Bin/ls"
	File "cat" "__BIN__/Bin/cat"
	File "mount" "__BIN__/Bin/mount"
	File "ifconfig" "__BIN__/Bin/ifconfig"
	File "telnet" "__BIN__/Bin/telnet"
	File "irc" "__BIN__/Bin/irc"
}
Dir "Libs" {
	File "ld-acess.so" "__BIN__/Libs/ld-acess.so"
	File "libld-acess.so" "__BIN__/Libs/libld-acess.so"
	File "libc.so" "__BIN__/Libs/libc.so"
	File "libgcc.so" "__BIN__/Libs/libgcc.so"
	File "libreadline.so" "__BIN__/Libs/libreadline.so"
	File "libnet.so" "__BIN__/Libs/libnet.so"
	File "liburi.so" "__BIN__/Libs/liburi.so"
	File "libimage_sif.so" "__BIN__/Libs/libimage_sif.so"
}
Dir "Conf" {
	File "BootConf.cfg" "__FS__/Conf/BootConf.cfg"
}
Dir "Apps" {
	Dir "AxWin" {
		Dir "3.0" {
			File "AxWinWM" "__BIN__/Apps/AxWin/3.0/AxWinWM"
			File "AxWinUI" "__BIN__/Apps/AxWin/3.0/AxWinUI"
			File "AcessLogoSmall.sif" "__SRC__/Usermode/Applications/axwin3_src/AcessLogoSmall.sif"
		}
	}
}
