Dir "SBin" {
	File "__BIN__/SBin/init"
	File "__BIN__/SBin/login"
	File "__BIN__/SBin/telnetd"
	File "__BIN__/SBin/dhcpc"
}
Dir "Bin" {
	File "__BIN__/Bin/CLIShell"
	File "__BIN__/Bin/ls"
	File "__BIN__/Bin/cat"
	File "__BIN__/Bin/mount"
	File "__BIN__/Bin/lspci"
	File "__BIN__/Bin/ip"
	File "__BIN__/Bin/ping"
	File "__BIN__/Bin/telnet"
	File "__BIN__/Bin/irc"
	File "__BIN__/Bin/bomb"
}
Dir "Libs" {
	File "__BIN__/Libs/ld-acess.so"
	File "__BIN__/Libs/libld-acess.so"
	File "__BIN__/Libs/libc.so"
	File "__BIN__/Libs/libreadline.so"
	File "__BIN__/Libs/libnet.so"
	File "__BIN__/Libs/liburi.so"
	File "__BIN__/Libs/libimage_sif.so"
	File "__BIN__/Libs/libaxwin3.so"
	File "__BIN__/Libs/libposix.so"
	File "__BIN__/Libs/libpsocket.so"
	File "__BIN__/Libs/libunicode.so"
}
Dir "Conf" {
	File "__FS__/Conf/inittab"
}
Dir "Apps" {
	Dir "AxWin" {
		Dir "3.0" {
			File "__BIN__/Apps/AxWin/3.0/AxWinWM"
			File "__BIN__/Apps/AxWin/3.0/AxWinUI"
			File "__BIN__/Apps/AxWin/3.0/ate"
			File "__BIN__/Apps/AxWin/3.0/terminal"
			File "__SRC__/Usermode/Applications/axwin3_src/AcessLogoSmall.sif"
			File "toolbar_new.sif" "__SRC__/Usermode/Applications/axwin3_src/WM/resources/.toolbar_new.sif"
			File "toolbar_open.sif" "__SRC__/Usermode/Applications/axwin3_src/WM/resources/.toolbar_open.sif"
			File "toolbar_save.sif" "__SRC__/Usermode/Applications/axwin3_src/WM/resources/.toolbar_save.sif"
		}
	}
}
#Dir "Keen5" {
#	File "keen5e" "/home/tpg/Projects/AcessPorts/omnispeak/bin/keen5e"
#	File "EGADICT.CK5"  "/home/tpg/Projects/AcessPorts/omnispeak/bin/original/EGADICT.CK5"
#	File "EGAGRAPH.CK5" "/home/tpg/Projects/AcessPorts/omnispeak/bin/original/EGAGRAPH.CK5"
#	File "EGAHEAD.CK5"  "/home/tpg/Projects/AcessPorts/omnispeak/bin/original/EGAHEAD.CK5"
#	File "GAMEMAPS.CK5" "/home/tpg/Projects/AcessPorts/omnispeak/bin/original/GAMEMAPS.CK5"
#	File "GFXINFOE.CK5" "/home/tpg/Projects/AcessPorts/omnispeak/bin/original/GFXINFOE.CK5"
#	File "MAPHEAD.CK5"  "/home/tpg/Projects/AcessPorts/omnispeak/bin/original/MAPHEAD.CK5"
#	File "TILEINFO.CK5" "/home/tpg/Projects/AcessPorts/omnispeak/bin/original/TILEINFO.CK5"
#	File "ACTION.CK5" "/home/tpg/Projects/AcessPorts/omnispeak/bin/ACTION.CK5"
#}
